---
source: crates/flotilla-core/src/hop_chain/tests.rs
assertion_line: 1343
expression: resolved
---
ResolvedPlan(
    [
        Command(
            [
                Literal(
                    "ls",
                ),
                Literal(
                    "-la",
                ),
            ],
        ),
    ],
)
