---
source: crates/flotilla-core/src/hop_chain/tests.rs
assertion_line: 1328
expression: resolved
---
ResolvedPlan(
    [
        SendKeys {
            steps: [
                Type(
                    "mock-attach 'remote-shell-0'",
                ),
                WaitForPrompt,
            ],
        },
        Command(
            [
                Literal(
                    "ssh",
                ),
                Quoted(
                    "feta",
                ),
            ],
        ),
    ],
)
