---
source: crates/flotilla-core/src/hop_chain/tests.rs
assertion_line: 1427
expression: "&flattened"
---
[
    "Command: ssh -t 'alice@feta.local' '${SHELL:-/bin/sh} -l -c '\\''cd '\\''\\'\\'''\\''/home/alice/dev/my-repo/wt-feat'\\''\\'\\'''\\'' && '\\''\\'\\'''\\''cleat'\\''\\'\\'''\\'' attach '\\''\\'\\'''\\''feat__shell__0'\\''\\'\\'''\\'' --cwd '\\''\\'\\'''\\''/home/alice/dev/my-repo/wt-feat'\\''\\'\\'''\\'' --cmd '\\''\\'\\'''\\''env FLOTILLA_ATTACHABLE_ID='\\''\\'\\'''\\''\\'\\''\\'\\'''\\'''\\''\\'\\'''\\''feat__shell__0'\\''\\'\\'''\\''\\'\\''\\'\\'''\\'''\\''\\'\\'''\\'' FLOTILLA_DAEMON_SOCKET='\\''\\'\\'''\\''\\'\\''\\'\\'''\\'''\\''\\'\\'''\\''/tmp/flotilla.sock'\\''\\'\\'''\\''\\'\\''\\'\\'''\\'''\\''\\'\\'''\\'' ${SHELL:-/bin/sh} -lc '\\''\\'\\'''\\''\\'\\''\\'\\'''\\'''\\''\\'\\'''\\''bash'\\''\\'\\'''\\''\\'\\''\\'\\'''\\'''\\''\\'\\'''\\'''\\''\\'\\'''\\'''\\'''",
]
