---
source: crates/flotilla-tui/tests/snapshots.rs
expression: output
---
 ⚓  flotilla  | my-project | [+]
┌─────────────────────────────────────────────────────────────────── ✕ ┐┌ Preview ─────────────────────────────────────┐
│Role             Provider                 Status                      ││                                              │
│VCS              Git                                                  ││                                              │
│Checkout mgr     Git Worktrees                                        ││                                              │
│Code review      GitHub                   ✗                           ││                                              │
│Issue tracker    —                                                    ││                                              │
│Cloud agents     Claude                   ✓                           ││                                              │
│AI utility       —                                                    ││                                              │
│Workspace mgr    —                                                    ││                                              │
│Terminal pool    —                                                    ││                                              │
│                                                                      ││                                              │
│                                                                      ││                                              │
│                                                                      ││                                              │
│                                                                      ││                                              │
│                                                                      ││                                              │
│                                                                      ││                                              │
│                                                                      ││                                              │
│                                                                      ││                                              │
│                                                                      ││                                              │
│                                                                      ││                                              │
│                                                                      ││                                              │
│                                                                      ││                                              │
│                                                                      ││                                              │
│                                                                      ││                                              │
│                                                                      ││                                              │
│                                                                      ││                                              │
│                                                                      ││                                              │
└──────────────────────────────────────────────────────────────────────┘└──────────────────────────────────────────────┘
 c:close providers  Layout(l): auto  [/]:switch tab  ?:help  q:quit
