---
source: crates/flotilla-tui/tests/snapshots.rs
assertion_line: 87
expression: output
---
 ⚓  flotilla  | my-project | [+]
┌──────────────────────────────────────────────────────────────────────┐┌ Event Log ───────────────────────────── INFO ┐
│── Provider Factories ──                                              ││                                              │
│VCS             —                                                     ││                                              │
│Checkout mgr    —                                                     ││                                              │
│Code review     —                                                     ││                                              │
│Issue tracker   —                                                     ││                                              │
│Coding agent    —                                                     ││                                              │
│AI utility      —                                                     ││                                              │
│Workspace mgr   —                                                     ││                                              │
│                                                                      ││                                              │
│── Coding Agent Status ──                                             ││                                              │
│No coding agent configured                                            ││                                              │
│                                                                      ││                                              │
│                                                                      ││                                              │
│                                                                      ││                                              │
│                                                                      ││                                              │
│                                                                      ││                                              │
│                                                                      ││                                              │
│                                                                      ││                                              │
│                                                                      ││                                              │
│                                                                      ││                                              │
│                                                                      ││                                              │
│                                                                      ││                                              │
│                                                                      ││                                              │
│                                                                      ││                                              │
│                                                                      ││                                              │
│                                                                      ││                                              │
└──────────────────────────────────────────────────────────────────────┘└──────────────────────────────────────────────┘
 j/k:scroll log  [/]:switch tab  ?:help  q:quit
