---
source: crates/flotilla-tui/tests/snapshots.rs
assertion_line: 90
expression: output
---
 ⚓  flotilla  | my-project | [+]
┌─────────────────────────────────────────────────────────────────── ⚙ ┐┌ Preview ─────────────────────────────────────┐
│      Source     Path  Descriptio Branc WT  WS  PR   SS   Issues Git  ││                                              │
│                                                                      ││                                              │
│                                                                      ││                                              │
│                                                                      ││                                              │
│                                                                      ││                                              │
│                                                                      ││                                              │
│                                                                      ││                                              │
│                                   ┌ Actions ─────────────────────────────────────┐                                   │
│                                   │▸  1: Create workspace                        │                                   │
│                                   │   2: Open PR in browser                      │                                   │
│                                   │   3: Remove worktree                         │                                   │
│                                   │                                              │                                   │
│                                   │                                              │                                   │
│                                   │                                              │                                   │
│                                   │                                              │                                   │
│                                   │                                              │                                   │
│                                   │                                              │                                   │
│                                   │                                              │                                   │
│                                   └──────────────────────────────────────────────┘                                   │
│                                                                      ││                                              │
│                                                                      ││                                              │
│                                                                      ││                                              │
│                                                                      ││                                              │
│                                                                      ││                                              │
│                                                                      ││                                              │
│                                                                      ││                                              │
└──────────────────────────────────────────────────────────────────────┘└──────────────────────────────────────────────┘
ACTIONS                      <j> DOWN  <k> UP  <ENT> SELECT  <esc> CLOSE 
