---
source: crates/flotilla-tui/tests/snapshots.rs
expression: output
---
 ⚓  flotilla  | my-project | [+]
┌─────────────────────────────────────────────────────────────────── ⚙ ┐┌ Preview ─────────────────────────────────────┐
│      Path     Description     Branch          WT  WS  PR  SS  Iss Git││                                              │
│                                                                      ││                                              │
│                                                                      ││                                              │
│                                                                      ││                                              │
│                                                                      ││                                              │
│                                                                      ││                                              │
│                                                                      ││                                              │
│                                   ┌ Actions ─────────────────────────────────────┐                                   │
│                                   │▸  1: Create workspace                        │                                   │
│                                   │   2: Open PR in browser                      │                                   │
│                                   │   3: Remove worktree                         │                                   │
│                                   │                                              │                                   │
│                                   │                                              │                                   │
│                                   │                                              │                                   │
│                                   │                                              │                                   │
│                                   │                                              │                                   │
│                                   │                                              │                                   │
│                                   │                                              │                                   │
│                                   └──────────────────────────────────────────────┘                                   │
│                                                                      ││                                              │
│                                                                      ││                                              │
│                                                                      ││                                              │
│                                                                      ││                                              │
│                                                                      ││                                              │
│                                                                      ││                                              │
│                                                                      ││                                              │
└──────────────────────────────────────────────────────────────────────┘└──────────────────────────────────────────────┘
 j/k:navigate  enter:select  esc:close
