---
source: crates/flotilla-tui/tests/snapshots.rs
assertion_line: 240
expression: output
---
 ⚓  flotilla  | my-project | [+]
┌─────────────────────────────────────────────────────────────────── ⚙ ┐
│      Source     Path  Descriptio Branc WT  WS  PR   SS   Issues Git  │
│                                                                      │
│                                                                      │
│                                                                      │
│                                                                      │
│                                                                      │
│                                                                      │
│                                                                      │
│                                                                      │
│                                                                      │
│                                                                      │
│                                                                      │
│                                                                      │
│                                                                      │
│                                                                      │
└──────────────────────────────────────────────────────────────────────┘
┌ Preview ─────────────────────────────────────────────────────────────┐
│                                                                      │
│                                                                      │
│                                                                      │
│                                                                      │
│                                                                      │
│                                                                      │
│                                                                      │
│                                                                      │
│                                                                      │
└──────────────────────────────────────────────────────────────────────┘
ERROR Remote host unreachable × <ENT> OPEN  <.> MENU  </> SEARCH 
