---
source: crates/flotilla-tui/tests/snapshots.rs
expression: output
---
 ⚓  flotilla  | my-project | [+]
┌─────────────────────────────────────────────────────────────────────────────────────────────────────────────────── ⚙ ┐
│      Source     Path              Description                        Branch            WT  WS  PR   SS   Issues Git  │
│                                                                                                                      │
│                                                                                                                      │
│                                                                                                                      │
│                                                                                                                      │
│                                                                                                                      │
│                                                                                                                      │
│                                                                                                                      │
│                                                                                                                      │
│                                                                                                                      │
│                                                                                                                      │
│                                                                                                                      │
│                                                                                                                      │
│                                                                                                                      │
│                                                                                                                      │
└──────────────────────────────────────────────────────────────────────────────────────────────────────────────────────┘
┌ Preview ─────────────────────────────────────────────────────────────────────────────────────────────────────────────┐
│                                                                                                                      │
│                                                                                                                      │
│                                                                                                                      │
│                                                                                                                      │
│                                                                                                                      │
│                                                                                                                      │
│                                                                                                                      │
│                                                                                                                      │
│                                                                                                                      │
└──────────────────────────────────────────────────────────────────────────────────────────────────────────────────────┘
/ for commands               <ENT> OPEN  <.> MENU  <n> NEW  <?> HELP  <q> QUIT               ▤ below   @local
