---
source: crates/flotilla-tui/tests/snapshots.rs
expression: output
---
 ⚓  flotilla  | my-project | [+]
┌─────────────────────────────────────────────────────────────────── ⚙ ┐┌ Preview ─────────────────────────────────────┐
│      Source     Path  Descriptio Branc WT  WS  PR   SS   Issues Git  ││Description: Feature branch checkout          │
│      ── Checkouts ──                                                 ││Branch: feat-xyz                              │
│▸  ○                 f Feature br feat- ✓                             ││                                              │
│                                                                      ││                                              │
│                                                                      ││                                              │
│                                                                      ││                                              │
│                                                                      ││                                              │
│                                                                      ││                                              │
│                                                                      ││                                              │
│                                                                      ││                                              │
│                                                                      ││                                              │
│                                                                      ││                                              │
│                                                                      │└──────────────────────────────────────────────┘
│                                                                      │┌ Debug (D to toggle) ─────────────────────────┐
│                                                                      ││Group #12                                     │
│                                                                      ││branch: feat-xyz                              │
│                                                                      ││checkout: /test/my-project/feat-xyz           │
│                                                                      ││                                              │
│                                                                      ││                                              │
│                                                                      ││                                              │
│                                                                      ││                                              │
│                                                                      ││                                              │
│                                                                      ││                                              │
│                                                                      ││                                              │
│                                                                      ││                                              │
│                                                                      ││                                              │
└──────────────────────────────────────────────────────────────────────┘└──────────────────────────────────────────────┘
 enter:open  d:remove worktree  Layout(l): auto  .:menu  /:search  n:new  r:refresh  space:select  ?:help  q:quit
