---
source: crates/flotilla-tui/tests/snapshots.rs
expression: output
---
 ⚓  flotilla  | my-project | [+]
── Checkouts ────────────────────────────────────────────────────────────────────────────────────────────────────── ⚙
      Source     Path              Description                         Branch             WT  WS  PR   SS   Issues Git
▸  ○                   feat-dashb… checkout feat-dashboard             feat-dashboard     ✓

























/ for commands               <ENT> OPEN  <.> MENU  <n> NEW  <?> CTX  <q> QUIT  <h> HELP     □ zoom   @local
