---
source: crates/flotilla-tui/tests/snapshots.rs
assertion_line: 64
expression: output
---
 ⚓  flotilla  | my-project | [+]
┌─────────────────────────────────────────────────────────────────── ⚙ ┐┌ Preview ─────────────────────────────────────┐
│      Source     Path  Descriptio Branc WT  WS  PR   SS   Issues Git  ││                                              │
│                                                                      ││                                              │
│                                                                      ││                                              │
│                                                                      ││                                              │
│                                                                      ││                                              │
│                                                                      ││                                              │
│                                                                      ││                                              │
│                                                                      ││                                              │
│                                                                      ││                                              │
│                                                                      ││                                              │
│                                                                      ││                                              │
│                                                                      ││                                              │
│                                                                      ││                                              │
│                                                                      ││                                              │
│                                                                      ││                                              │
│                                                                      ││                                              │
│                                                                      ││                                              │
│                                                                      ││                                              │
│                                                                      ││                                              │
│                                                                      ││                                              │
│                                                                      ││                                              │
│                                                                      ││                                              │
│                                                                      ││                                              │
│                                                                      ││                                              │
│                                                                      ││                                              │
│                                                                      ││                                              │
└──────────────────────────────────────────────────────────────────────┘└──────────────────────────────────────────────┘
ERROR GitHub API rate limit exceeded × <ENT> OPEN  <.> MENU  </> SEARCH  <n> NEW  <?> HELP  <q> QUIT 
