---
source: crates/flotilla-tui/tests/snapshots.rs
expression: output
---
 ⚓  flotilla  |  🚢  convoys  | my-project | [+]
                                                                    ⚙   ┌ Preview ─────────────────────────────────────┐
                                                                        │                                              │
                                                                        │                                              │
                                                                        │                                              │
                                                                        │                                              │
                                                                        │                                              │
                                                                        │                                              │
                                                                        │                                              │
                                                                        │                                              │
                                                                        │                                              │
                                                                        │                                              │
                                                                        │                                              │
                        ┌ Remove Worktree ─────────────────────────────────────────────────────┐                       │
                        │Branch: feat-big-wip                                                  │                       │
                        │                                                                      │                       │
                        │No PR found                                                           │                       │
                        │                                                                      │                       │
                        │⚠ 15 uncommitted file(s):                                             │                       │
                        │M src/file_0.rs                                                       │                       │
                        │M src/file_1.rs                                                       │                       │
                        │M src/file_2.rs                                                       │                       │
                        │M src/file_3.rs                                                       │                       │
                        │M src/file_4.rs                                                       │                       │
                        │M src/file_5.rs                                                       │                       │
                        │M src/file_6.rs                                                       │                       │
                        │M src/file_7.rs                                                       │                       │
                        │M src/file_8.rs                                                       │                       │
                        │M src/file_9.rs                                                       │                       │
                        │...and 5 more                                                         │                       │
                        │                                                                      │                       │
                        │y/Enter: confirm    n/Esc: cancel                                     │                       │
                        │                                                                      │                       │
                        │                                                                      │                       │
                        │                                                                      │                       │
                        │                                                                      │                       │
                        │                                                                      │                       │
                        └──────────────────────────────────────────────────────────────────────┘                       │
                                                                        │                                              │
                                                                        │                                              │
                                                                        │                                              │
                                                                        │                                              │
                                                                        │                                              │
                                                                        │                                              │
                                                                        │                                              │
                                                                        │                                              │
                                                                        │                                              │
                                                                        │                                              │
                                                                        └──────────────────────────────────────────────┘
CONFIRM DELETE               <y> YES  <n> NO 
