---
source: crates/flotilla-tui/tests/snapshots.rs
expression: output
---
 ⚓  flotilla  | my-project | [+]
┌─────────────────────────────────────────────────────────────────── ⚙ ┐┌ Preview ─────────────────────────────────────┐
│      Path     Description     Branch   WT  WS  PR   SS   Issues Git  ││                                              │
│                                                                      ││                                              │
│                                                                      ││                                              │
│                                                                      ││                                              │
│                                                                      ││                                              │
│                                                                      ││                                              │
│                       ┌ Remove Worktree ─────────────────────────────────────────────────────┐                       │
│                       │Branch: feat-big-wip                                                  │                       │
│                       │                                                                      │                       │
│                       │No PR found                                                           │                       │
│                       │                                                                      │                       │
│                       │⚠ 15 uncommitted file(s):                                             │                       │
│                       │M src/file_0.rs                                                       │                       │
│                       │M src/file_1.rs                                                       │                       │
│                       │M src/file_2.rs                                                       │                       │
│                       │M src/file_3.rs                                                       │                       │
│                       │M src/file_4.rs                                                       │                       │
│                       │M src/file_5.rs                                                       │                       │
│                       │M src/file_6.rs                                                       │                       │
│                       │M src/file_7.rs                                                       │                       │
│                       └──────────────────────────────────────────────────────────────────────┘                       │
│                                                                      ││                                              │
│                                                                      ││                                              │
│                                                                      ││                                              │
│                                                                      ││                                              │
│                                                                      ││                                              │
└──────────────────────────────────────────────────────────────────────┘└──────────────────────────────────────────────┘
 y/enter:confirm  n/esc:cancel
