---
source: crates/flotilla-tui/tests/snapshots.rs
assertion_line: 285
expression: output
---
 ⚓  flotilla  |  🚢  convoys  | my-project | [+]
                                                                    ⚙
















┌ Preview ─────────────────────────────────────────────────────────────┐
│                                                                      │
│                                                                      │
│                                                                      │
│                                                                      │
│                                                                      │
│                                                                      │
│                                                                      │
│                                                                      │
│                                                                      │
└──────────────────────────────────────────────────────────────────────┘
ERROR Remote host unreachable × <q> QUIT              ◫ auto   @local
