---
source: crates/flotilla-tui/tests/snapshots.rs
expression: output
---
 ⚓  flotilla  | my-project | [+]
                                                                    ⚙   ┌ Preview ─────────────────────────────────────┐
                                                                        │                                              │
                                                                        │                                              │
                                                                        │                                              │
                                                                        │                                              │
                        ┌ Add Repository ──────────────────────────────────────────────────────┐                       │
                        │> /test                                                               │                       │
                        │    repo-a (git repo)                                                 │                       │
                        │▸   repo-b (added)                                                    │                       │
                        │    notes.txt                                                         │                       │
                        │                                                                      │                       │
                        │                                                                      │                       │
                        │                                                                      │                       │
                        │                                                                      │                       │
                        │                                                                      │                       │
                        │                                                                      │                       │
                        │                                                                      │                       │
                        │                                                                      │                       │
                        │                                                                      │                       │
                        │                                                                      │                       │
                        │                                                                      │                       │
                        │                                                                      │                       │
                        └──────────────────────────────────────────────────────────────────────┘                       │
                                                                        │                                              │
                                                                        │                                              │
                                                                        │                                              │
                                                                        │                                              │
                                                                        └──────────────────────────────────────────────┘
ADD REPO                     <ENT> SELECT  <ESC> CANCEL  <TAB> COMPLETE 
