---
source: crates/flotilla-tui/tests/snapshots.rs
expression: output
---
 ⚓  flotilla  | alpha | beta | gamma | [+]
                                                                    ⚙   ┌ Preview ─────────────────────────────────────┐
                                                                        │                                              │
                                                                        │                                              │
                                                                        │                                              │
                                                                        │                                              │
                                                                        │                                              │
                                                                        │                                              │
                                                                        │                                              │
                                                                        │                                              │
                                                                        │                                              │
                                                                        │                                              │
                                                                        │                                              │
                                                                        │                                              │
                                                                        │                                              │
                                                                        │                                              │
                                                                        │                                              │
                                                                        │                                              │
                                                                        │                                              │
                                                                        │                                              │
                                                                        │                                              │
                                                                        │                                              │
                                                                        │                                              │
                                                                        │                                              │
                                                                        │                                              │
                                                                        │                                              │
                                                                        │                                              │
                                                                        │                                              │
                                                                        └──────────────────────────────────────────────┘
/ for commands               <ENT> OPEN  <.> MENU  <n> NEW  <?> CTX  <q> QUIT  <h> HELP     ◫ auto   @local
