---
source: crates/flotilla-tui/tests/snapshots.rs
assertion_line: 50
expression: output
---
 ⚓  flotilla  | my-project | [+]
┌─────────────────────────────────────────────────────────────────── ⚙ ┐┌ Preview ─────────────────────────────────────┐
│      Source     Path  Descriptio Branc WT  WS  PR   SS   Issues Git  ││Description: checkout feat-login              │
│      ── Checkouts ──                                                 ││Branch: feat-login                            │
│▸  ○                 f checkout f feat- ✓                             ││Path: /test/my-project/feat-login             │
│      ── Sessions ──                                                  ││                                              │
│   ◆             s1    session s1 feat/              ◆                ││                                              │
│      ── Pull Requests ──                                             ││                                              │
│   ⊙                   Add login  feat-         #42                   ││                                              │
│      ── Issues ──                                                    ││                                              │
│   ◇                   Users need —                       #10         ││                                              │
│                                                                      ││                                              │
│                                                                      ││                                              │
│                                                                      ││                                              │
│                                                                      ││                                              │
│                                                                      ││                                              │
│                                                                      ││                                              │
│                                                                      ││                                              │
│                                                                      ││                                              │
│                                                                      ││                                              │
│                                                                      ││                                              │
│                                                                      ││                                              │
│                                                                      ││                                              │
│                                                                      ││                                              │
│                                                                      ││                                              │
│                                                                      ││                                              │
│                                                                      ││                                              │
│                                                                      ││                                              │
└──────────────────────────────────────────────────────────────────────┘└──────────────────────────────────────────────┘
LAYOUT AUTO                  <ENT> OPEN  <.> MENU  </> SEARCH  <n> NEW  <?> HELP  <q> QUIT 
