---
source: crates/flotilla-tui/tests/snapshots.rs
assertion_line: 422
expression: output
---
 ⚓  flotilla  | alpha | beta | [+]
┌ Providers ───────────────────────────────────────────────────────────┐┌ Event Log ───────────────────────────── INFO ┐
│Role             Provider                 Status                      ││                                              │
│VCS              —                                                    ││                                              │
│Checkout mgr     —                                                    ││                                              │
│Change request   GitHub                   ✗                           ││                                              │
│Issue tracker    —                                                    ││                                              │
│Cloud agents     —                                                    ││                                              │
│AI utility       —                                                    ││                                              │
│Workspace mgr    —                                                    ││                                              │
│Terminal pool    —                                                    ││                                              │
│                                                                      ││                                              │
│                                                                      ││                                              │
│                                                                      ││                                              │
│                                                                      ││                                              │
│                                                                      ││                                              │
│                                                                      ││                                              │
│                                                                      ││                                              │
│                                                                      ││                                              │
│                                                                      ││                                              │
│                                                                      ││                                              │
│                                                                      ││                                              │
│                                                                      ││                                              │
│                                                                      ││                                              │
│                                                                      ││                                              │
│                                                                      ││                                              │
│                                                                      ││                                              │
│                                                                      ││                                              │
└──────────────────────────────────────────────────────────────────────┘└──────────────────────────────────────────────┘
FLOTILLA                     <j> DOWN  <k> UP  <[> PREV  <]> NEXT  <q> QUIT 
