---
source: crates/flotilla-tui/tests/snapshots.rs
expression: output
---
 ⚓  flotilla  | my-project | [+]
── Sessions ─────────────────────────────────────────────────────── ⚙   ┌ Preview ─────────────────────────────────────┐
      Source     Key         Description            Branch      Status  │Description: Debug API endpoints              │
▸  ▶             s5          Debug API endpoints    feat/sessi… ▶       │Branch: feat/session-branch                   │
                                                                        │Session: Debug API endpoints                  │
                                                                        │Id: s5                                        │
                                                                        │Status: Running                               │
                                                                        │                                              │
                                                                        │                                              │
                                                                        │                                              │
                                                                        │                                              │
                                                                        │                                              │
                                                                        │                                              │
                                                                        │                                              │
                                                                        │                                              │
                                                                        │                                              │
                                                                        │                                              │
                                                                        │                                              │
                                                                        │                                              │
                                                                        │                                              │
                                                                        │                                              │
                                                                        │                                              │
                                                                        │                                              │
                                                                        │                                              │
                                                                        │                                              │
                                                                        │                                              │
                                                                        │                                              │
                                                                        │                                              │
                                                                        └──────────────────────────────────────────────┘
/ for commands               <ENT> OPEN  <.> MENU  <n> NEW  <?> CTX  <q> QUIT  <h> HELP     ◫ auto   @local
