---
source: crates/flotilla-tui/tests/snapshots.rs
assertion_line: 110
expression: output
---
 ⚓  flotilla  | my-project | [+]
┌ Providers ───────────────────────────────────────────────────────────┐┌ Event Log ───────────────────────────── INFO ┐
│Role             Provider                 Status                      ││                                              │
│VCS              Git                                                  ││                                              │
│Checkout mgr     Git Worktrees                                        ││                                              │
│Code review      GitHub                                               ││                                              │
│Issue tracker    GitHub                                               ││                                              │
│Cloud agents     Claude                   ✓                           ││                                              │
│AI utility       —                                                    ││                                              │
│Workspace mgr    —                                                    ││                                              │
│Terminal pool    —                                                    ││                                              │
│                                                                      ││                                              │
│                                                                      ││                                              │
│                                                                      ││                                              │
│                                                                      ││                                              │
│                                                                      ││                                              │
│                                                                      ││                                              │
│                                                                      ││                                              │
│                                                                      ││                                              │
│                                                                      ││                                              │
│                                                                      ││                                              │
│                                                                      ││                                              │
│                                                                      ││                                              │
│                                                                      ││                                              │
│                                                                      ││                                              │
│                                                                      ││                                              │
│                                                                      ││                                              │
│                                                                      ││                                              │
└──────────────────────────────────────────────────────────────────────┘└──────────────────────────────────────────────┘
FLOTILLA                     <j> DOWN  <k> UP  <[> PREV  <]> NEXT  <q> QUIT 
