---
source: crates/flotilla-tui/tests/snapshots.rs
assertion_line: 71
expression: output
---
 ⚓  flotilla  | my-project | [+]
┌─────────────────────────────────────────────────────────────────── ⚙ ┐┌ Preview ─────────────────────────────────────┐
│      Source     Path  ┌ Help ↓ ──────────────────────────────────────────────────────────────┐                       │
│                       │Item Icons                                                            │                       │
│                       │●  Checkout with workspace    ○  Checkout (no workspace)              │                       │
│                       │▶  Running session            ◆  Idle session                         │                       │
│                       │⊙  Pull request               ◇  Issue                                │                       │
│                       │⊶  Remote branch                                                      │                       │
│                       │                                                                      │                       │
│                       │Column Indicators                                                     │                       │
│                       │WT: ◆ main  ✓ checked out                                             │                       │
│                       │WS: ● has workspace  2/3/… multiple                                   │                       │
│                       │PR: ✓ merged  ✗ closed                                                │                       │
│                       │Git: ? untracked  M modified  ↑ ahead  ↓ behind                       │                       │
│                       │                                                                      │                       │
│                       │Navigation                                                            │                       │
│                       │j/k or ↑/↓      Navigate list                                         │                       │
│                       │Click            Select item                                          │                       │
│                       │Scroll wheel     Navigate list                                        │                       │
│                       │                                                                      │                       │
│                       │Actions                                                               │                       │
│                       │Enter            Open workspace (switch/create as needed)             │                       │
│                       │Double-click     Same as Enter                                        │                       │
│                       │.                Action menu (all available actions)                  │                       │
│                       │Right-click      Action menu                                          │                       │
│                       │n                New branch (enter name, creates worktree)            │                       │
│                       │d                Remove worktree (with safety check)                  │                       │
│                       └──────────────────────────────────────────────────────────────────────┘                       │
└──────────────────────────────────────────────────────────────────────┘└──────────────────────────────────────────────┘
HELP                         <j> DOWN  <k> UP  <esc> CLOSE  <?> CLOSE 
