---
source: crates/flotilla-tui/tests/snapshots.rs
assertion_line: 74
expression: output
---
 ⚓  flotilla  |  🚢  convoys  | my-project | [+]
                                                                    ⚙   ┌ Preview ─────────────────────────────────────┐
                                                                        │                                              │
                                                                        │                                              │
                                                                        │                                              │
                                                                        │                                              │
                                                                        │                                              │
                                                                        │                                              │
                                                                        │                                              │
                                                                        │                                              │
                                                                        │                                              │
                                                                        │                                              │
                                                                        │                                              │
                                                                        │                                              │
                                                                        │                                              │
                                                                        │                                              │
                                                                        │                                              │
                                                                        │                                              │
                                                                        │                                              │
                                                                        │                                              │
                                                                        │                                              │
                                                                        │                                              │
                                                                        │                                              │
                                                                        │                                              │
                                                                        │                                              │
                                                                        │                                              │
                                                                        │                                              │
                                                                        │                                              │
                                                                        └──────────────────────────────────────────────┘
ERROR GitHub API rate limit exceeded × <q> QUIT  <h> HELP  <?> CTX  <ENT> OPEN  <.> MENU      ◫ auto   @local
