---
source: crates/flotilla-tui/tests/snapshots.rs
expression: output
---
 ⚓  flotilla  | my-project | [+]
┌─────────────────────────────────────────────────────────────────── ⚙ ┐┌ Preview ─────────────────────────────────────┐
│      Path     Description     Branch          WT  WS  PR  SS  Iss Git││Description: checkout feat-dashboard          │
│               ── Checkouts ──                                        ││Branch: feat-dashboard                        │
│▸  ○  feat-das checkout feat-… feat-dashboard  ✓                      ││Path: /test/my-project/feat-dashboard         │
│               ── Pull Request                                        ││                                              │
│   ⊙           Build analytic… feat-dashboard          #99            ││                                              │
│                                                                      ││                                              │
│                                                                      ││                                              │
│                                                                      ││                                              │
│                                                                      ││                                              │
│                                                                      ││                                              │
│                                                                      ││                                              │
│                                                                      ││                                              │
│                                                                      ││                                              │
│                                                                      ││                                              │
│                                                                      ││                                              │
│                                                                      ││                                              │
│                                                                      ││                                              │
│                                                                      ││                                              │
│                                                                      ││                                              │
│                                                                      ││                                              │
│                                                                      ││                                              │
│                                                                      ││                                              │
│                                                                      ││                                              │
│                                                                      ││                                              │
│                                                                      ││                                              │
│                                                                      ││                                              │
└──────────────────────────────────────────────────────────────────────┘└──────────────────────────────────────────────┘
 enter:open  d:remove worktree  .:menu  /:search  n:new  r:refresh  space:select  ?:help  q:quit
