---
source: crates/flotilla-tui/tests/snapshots.rs
expression: output
---
 ⚓  flotilla  | my-project | [+]
                                                                    ⚙   ┌ Preview ─────────────────────────────────────┐
                                                                        │                                              │
                                                                        │                                              │
                                                                        │                                              │
                                                                        │                                              │
                                                                        │                                              │
                                                                        │                                              │
                                                                        │                                              │
                                                                        │                                              │
                                                                        │                                              │
                                                                        │                                              │
                                                                        │                                              │
                                                                        │                                              │
                                                                        │                                              │
                                                                        │                                              │
                                                                        │                                              │
                                                                        │                                              │
                                                                        │                                              │
                                                                        │                                              │
                                                                        │                                              │
/                            <ENT> RUN  <ESC> CLOSE  <TAB> FILL                                   ◫ auto   @local
  repo       Manage repositories
  checkout   Manage checkouts
  cr         Code review
  pr         Code review
  issue      Issues
  agent      Cloud agents
  workspace  Workspaces
  host       Manage and route to hosts
