---
source: crates/flotilla-tui/tests/snapshots.rs
expression: output
---
 ⚓  flotilla  | my-project | [+]
┌─────────────────────────────────────────────────────────────────── ⚙ ┐┌ Preview ─────────────────────────────────────┐
│      Path     Description     Branch   WT  WS  PR   SS   Issues Git  ││                                              │
│                                                                      ││                                              │
│                                                                      ││                                              │
│                                                                      ││                                              │
│                                                                      ││                                              │
│                                                                      ││                                              │
│                       ┌ Remove Worktree ─────────────────────────────────────────────────────┐                       │
│                       │Branch: feat-wip                                                      │                       │
│                       │                                                                      │                       │
│                       │PR: OPEN                                                              │                       │
│                       │                                                                      │                       │
│                       │⚠ 3 uncommitted file(s):                                              │                       │
│                       │M src/main.rs                                                         │                       │
│                       │M src/lib.rs                                                          │                       │
│                       │?? TODO.txt                                                           │                       │
│                       │⚠ 1 unpushed commit(s):                                               │                       │
│                       │abc1234 work in progress                                              │                       │
│                       │                                                                      │                       │
│                       │y/Enter: confirm    n/Esc: cancel                                     │                       │
│                       │                                                                      │                       │
│                       └──────────────────────────────────────────────────────────────────────┘                       │
│                                                                      ││                                              │
│                                                                      ││                                              │
│                                                                      ││                                              │
│                                                                      ││                                              │
│                                                                      ││                                              │
└──────────────────────────────────────────────────────────────────────┘└──────────────────────────────────────────────┘
 y/enter:confirm  n/esc:cancel
