---
source: crates/flotilla-tui/tests/snapshots.rs
assertion_line: 262
expression: output
---
 ⚓  flotilla  |  🚢  convoys  | my-project | [+]
── Checkouts ────────────────────────────────────────────────────────────────────────────────────────────────────── ⚙
      Source     Path              Description                         Branch             WT  WS  PR   SS   Issues Git
▸  ○                   feat-dashb… checkout feat-dashboard             feat-dashboard     ✓

























/ for commands               <q> QUIT  <h> HELP  <?> CTX  <ENT> OPEN  <.> MENU  <n> NEW     □ zoom   @local
