---
source: crates/flotilla-tui/tests/snapshots.rs
expression: output
---
 ⚓  flotilla  | my-project | [+]
┌─────────────────────────────────────────────────────────────────── ✕ ┐┌ Preview ─────────────────────────────────────┐
│Role             Provider                 Status                      ││                                              │
│VCS              Git                                                  ││                                              │
│Checkout mgr     Git Worktrees                                        ││                                              │
│Change request   GitHub                   ✗                           ││                                              │
│Issue tracker    —                                                    ││                                              │
│Cloud agents     Claude                   ✓                           ││                                              │
│AI utility       —                                                    ││                                              │
│Workspace mgr    —                                                    ││                                              │
│Terminal pool    —                                                    ││                                              │
│                                                                      ││                                              │
│                                                                      ││                                              │
│                                                                      ││                                              │
│                                                                      ││                                              │
│                                                                      ││                                              │
│                                                                      ││                                              │
│                                                                      ││                                              │
│                                                                      ││                                              │
│                                                                      ││                                              │
│                                                                      ││                                              │
│                                                                      ││                                              │
│                                                                      ││                                              │
│                                                                      ││                                              │
│                                                                      ││                                              │
│                                                                      ││                                              │
│                                                                      ││                                              │
│                                                                      ││                                              │
└──────────────────────────────────────────────────────────────────────┘└──────────────────────────────────────────────┘
PROVIDERS                    <ENT> OPEN  <.> MENU  </> SEARCH  <h> HOST LOCAL  <n> NEW  <?> HELP 
