---
source: crates/flotilla-tui/tests/snapshots.rs
expression: output
---
 ⚓  flotilla  | my-project | [+]
┌─────────────────────────────────────────────────────────────────── ⚙ ┐┌ Preview ─────────────────────────────────────┐
│      Path     Description     Branch   WT  WS  PR   SS   Issues Git  ││Description: checkout feat-login              │
│      ── Checkouts ──                                                 ││Branch: feat-login                            │
│▸  ○       fea checkout feat-l feat-log ✓                             ││Path: /test/my-project/feat-login             │
│      ── Sessions ──                                                  ││                                              │
│   ◆           session s1      feat/ses              ◆                ││                                              │
│      ── Pull Requests ──                                             ││                                              │
│   ⊙           Add login page  feat-log         #42                   ││                                              │
│      ── Issues ──                                                    ││                                              │
│   ◇           Users need auth —                          #10         ││                                              │
│                                                                      ││                                              │
│                                                                      ││                                              │
│                                                                      ││                                              │
│                                                                      ││                                              │
│                                                                      ││                                              │
│                                                                      ││                                              │
│                                                                      ││                                              │
│                                                                      ││                                              │
│                                                                      ││                                              │
│                                                                      ││                                              │
│                                                                      ││                                              │
│                                                                      ││                                              │
│                                                                      ││                                              │
│                                                                      ││                                              │
│                                                                      ││                                              │
│                                                                      ││                                              │
│                                                                      ││                                              │
└──────────────────────────────────────────────────────────────────────┘└──────────────────────────────────────────────┘
 enter:open  d:remove worktree  .:menu  /:search  n:new  r:refresh  space:select  ?:help  q:quit
