---
source: crates/flotilla-tui/tests/snapshots.rs
expression: output
---
 ⚓  flotilla  | my-project | [+]
── Checkouts ────────────────────────────────────────────────────── ⚙   ┌ Preview ─────────────────────────────────────┐
      Source     Path  Description Branch WT  WS  PR   SS   Issues Git  │Description: Feature branch checkout          │
▸  ○               fe… Feature br… feat-… ✓                             │Branch: feat-xyz                              │
                                                                        │                                              │
                                                                        │                                              │
                                                                        │                                              │
                                                                        │                                              │
                                                                        │                                              │
                                                                        │                                              │
                                                                        │                                              │
                                                                        │                                              │
                                                                        │                                              │
                                                                        │                                              │
                                                                        └──────────────────────────────────────────────┘
                                                                        ┌ Debug (D to toggle) ─────────────────────────┐
                                                                        │Group #12                                     │
                                                                        │branch: feat-xyz                              │
                                                                        │checkout: /test/my-project/feat-xyz           │
                                                                        │                                              │
                                                                        │                                              │
                                                                        │                                              │
                                                                        │                                              │
                                                                        │                                              │
                                                                        │                                              │
                                                                        │                                              │
                                                                        │                                              │
                                                                        │                                              │
                                                                        └──────────────────────────────────────────────┘
/ for commands               <ENT> OPEN  <.> MENU  <n> NEW  <?> CTX  <q> QUIT  <h> HELP     ◫ auto   @local
