---
source: crates/flotilla-tui/tests/snapshots.rs
assertion_line: 356
expression: output
---
 ⚓  flotilla  | my-project | [+]
┌─────────────────────────────────────────────────────────────────── ⚙ ┐┌ Preview ─────────────────────────────────────┐
│      Source     Path  Descriptio Branc WT  WS  PR   SS   Issues Git  ││                                              │
│                                                                      ││                                              │
│                                                                      ││                                              │
│                                                                      ││                                              │
│                                                                      ││                                              │
│                                                                      ││                                              │
│                       ┌ Remove Worktree ─────────────────────────────────────────────────────┐                       │
│                       │Branch: feat-cleanup                                                  │                       │
│                       │                                                                      │                       │
│                       │PR: MERGED                                                            │                       │
│                       │Merge commit: abc1234                                                 │                       │
│                       │                                                                      │                       │
│                       │                                                                      │                       │
│                       │✓ Safe to delete                                                      │                       │
│                       │                                                                      │                       │
│                       │y/Enter: confirm    n/Esc: cancel                                     │                       │
│                       │                                                                      │                       │
│                       │                                                                      │                       │
│                       │                                                                      │                       │
│                       │                                                                      │                       │
│                       └──────────────────────────────────────────────────────────────────────┘                       │
│                                                                      ││                                              │
│                                                                      ││                                              │
│                                                                      ││                                              │
│                                                                      ││                                              │
│                                                                      ││                                              │
└──────────────────────────────────────────────────────────────────────┘└──────────────────────────────────────────────┘
CONFIRM DELETE               <y> YES  <n> NO 
