---
source: crates/flotilla-tui/tests/snapshots.rs
assertion_line: 337
expression: output
---
 ⚓  flotilla  | my-project | [+]
┌─────────────────────────────────────────────────────────────────── ⚙ ┐┌ Preview ─────────────────────────────────────┐
│      Source     Path  Descriptio Branc WT  WS  PR   SS   Issues Git  ││                                              │
│                                                                      ││                                              │
│                                                                      ││                                              │
│                                                                      ││                                              │
│                       ┌ Add Repository ──────────────────────────────────────────────────────┐                       │
│                       │> /test                                                               │                       │
│                       │    repo-a (git repo)                                                 │                       │
│                       │▸   repo-b (added)                                                    │                       │
│                       │    notes.txt                                                         │                       │
│                       │                                                                      │                       │
│                       │                                                                      │                       │
│                       │                                                                      │                       │
│                       │                                                                      │                       │
│                       │                                                                      │                       │
│                       │                                                                      │                       │
│                       │                                                                      │                       │
│                       │                                                                      │                       │
│                       │                                                                      │                       │
│                       │                                                                      │                       │
│                       │                                                                      │                       │
│                       │                                                                      │                       │
│                       └──────────────────────────────────────────────────────────────────────┘                       │
│                                                                      ││                                              │
│                                                                      ││                                              │
│                                                                      ││                                              │
│                                                                      ││                                              │
└──────────────────────────────────────────────────────────────────────┘└──────────────────────────────────────────────┘
ADD REPO                     <j> DOWN  <k> UP  <tab> COMPLETE  <ENT> SELECT  <esc> CANCEL 
