---
source: crates/flotilla-tui/src/widgets/convoys_page/detail.rs
expression: terminal.backend()
---
"┌──────────────────────────────────────────────────────────┐"
"│● fix-bug-123 [review-and-fix]                            │"
"└──────────────────────────────────────────────────────────┘"
"┌ Tasks ───────────────────────────────────────────────────┐"
"│  ● implement (1 proc)                                    │"
"│  ○ review (1 proc)                                       │"
"│                                                          │"
"│                                                          │"
"│                                                          │"
"│                                                          │"
"│                                                          │"
"│                                                          │"
"│                                                          │"
"│                                                          │"
"│                                                          │"
"│                                                          │"
"│                                                          │"
"│                                                          │"
"│                                                          │"
"└──────────────────────────────────────────────────────────┘"
